[INFO] Scanning for projects...
[INFO] 
[INFO] -----------------------< com.practice:firstapp >------------------------
[INFO] Building firstapp 0.0.1-SNAPSHOT
[INFO]   from pom.xml
[INFO] --------------------------------[ jar ]---------------------------------
[INFO] 
[INFO] >>> spring-boot:4.0.3:run (default-cli) > test-compile @ firstapp >>>
[INFO] 
[INFO] --- resources:3.3.1:resources (default-resources) @ firstapp ---
[INFO] Copying 1 resource from src\main\resources to target\classes
[INFO] Copying 0 resource from src\main\resources to target\classes
[INFO] 
[INFO] --- compiler:3.14.1:compile (default-compile) @ firstapp ---
[INFO] Nothing to compile - all classes are up to date.
[INFO] 
[INFO] --- resources:3.3.1:testResources (default-testResources) @ firstapp ---
[INFO] skip non existing resourceDirectory C:\Users\jb352\Downloads\secureApp\firstapp\firstapp\src\test\resources
[INFO] 
[INFO] --- compiler:3.14.1:testCompile (default-testCompile) @ firstapp ---
[INFO] Recompiling the module because of changed source code.
[INFO] Compiling 1 source file with javac [debug parameters release 21] to target\test-classes
[INFO] -------------------------------------------------------------
[ERROR] COMPILATION ERROR : 
[INFO] -------------------------------------------------------------
[ERROR] /C:/Users/jb352/Downloads/secureApp/firstapp/firstapp/src/test/java/com/practice/firstapp/FirstappApplicationTests.java:[3,29] package org.junit.jupiter.api does not exist
[ERROR] /C:/Users/jb352/Downloads/secureApp/firstapp/firstapp/src/test/java/com/practice/firstapp/FirstappApplicationTests.java:[4,45] package org.springframework.boot.test.context does not exist
[ERROR] /C:/Users/jb352/Downloads/secureApp/firstapp/firstapp/src/test/java/com/practice/firstapp/FirstappApplicationTests.java:[6,2] cannot find symbol
  symbol: class SpringBootTest
[ERROR] /C:/Users/jb352/Downloads/secureApp/firstapp/firstapp/src/test/java/com/practice/firstapp/FirstappApplicationTests.java:[9,10] cannot find symbol
  symbol:   class Test
  location: class com.practice.firstapp.FirstappApplicationTests
[INFO] 4 errors 
[INFO] -------------------------------------------------------------
[INFO] ------------------------------------------------------------------------
[INFO] BUILD FAILURE
[INFO] ------------------------------------------------------------------------
[INFO] Total time:  3.024 s
[INFO] Finished at: 2026-03-01T13:15:22+05:30
[INFO] ------------------------------------------------------------------------
[ERROR] Failed to execute goal org.apache.maven.plugins:maven-compiler-plugin:3.14.1:testCompile (default-testCompile) on project firstapp: Compilation failure: Compilation failure: 
[ERROR] /C:/Users/jb352/Downloads/secureApp/firstapp/firstapp/src/test/java/com/practice/firstapp/FirstappApplicationTests.java:[3,29] package org.junit.jupiter.api does not exist
[ERROR] /C:/Users/jb352/Downloads/secureApp/firstapp/firstapp/src/test/java/com/practice/firstapp/FirstappApplicationTests.java:[4,45] package org.springframework.boot.test.context does not exist
[ERROR] /C:/Users/jb352/Downloads/secureApp/firstapp/firstapp/src/test/java/com/practice/firstapp/FirstappApplicationTests.java:[6,2] cannot find symbol
[ERROR]   symbol: class SpringBootTest
[ERROR] /C:/Users/jb352/Downloads/secureApp/firstapp/firstapp/src/test/java/com/practice/firstapp/FirstappApplicationTests.java:[9,10] cannot find symbol
[ERROR]   symbol:   class Test
[ERROR]   location: class com.practice.firstapp.FirstappApplicationTests
[ERROR] -> [Help 1]
[ERROR] 
[ERROR] To see the full stack trace of the errors, re-run Maven with the -e switch.
[ERROR] Re-run Maven using the -X switch to enable full debug logging.
[ERROR] 
[ERROR] For more information about the errors and possible solutions, please read the following articles:
[ERROR] [Help 1] http://cwiki.apache.org/confluence/display/MAVEN/MojoFailureException
